// Jest Snapshot v1, https://goo.gl/fbAQLP

exports[`Home renders correctly 1`] = `
Object {
  "asFragment": [Function],
  "baseElement": <body>
    <div>
      <div
        class="App-header"
      >
        <img
          alt=""
          class="App-logo"
          src="logo.svg"
        />
        <h2
          class="title"
        >
          SIGN UP
        </h2>
        <p
          data-testid="alertmsg"
          id="alert"
        />
        email
        <input
          data-testid="emailTest"
          id="email"
          required=""
          type="text"
          value="hello"
        />
         
        <br />
        password
        <input
          data-testid="passTest"
          id="password"
          required=""
          type="password"
          value="123123"
        />
         
        <br />
        <button
          class="btn"
          data-testid="button"
          id="loginbtn"
          type="button"
        >
          signup
        </button>
      </div>
    </div>
    <div>
      <div>
        <div>
          <h2>
            ToDo Dashboard
          </h2>
          <button
            class="btn"
            type="button"
          >
            logout
          </button>
        </div>
        <div
          class="App-header"
        >
          <h3>
            Add todo...
          </h3>
          <input
            data-testid="addtodotest"
            type="text"
          />
          <br />
          <button
            class="btn"
            data-testid="Addtodo"
          >
            Add Todo
          </button>
           
          <br />
          <button
            class="btn"
          >
            Clear Completed Todos
          </button>
          <div>
            0
             left to do
          </div>
          <button
            class="btn"
          >
            select all
          </button>
          <p>
            current user: 
            hello
          </p>
        </div>
      </div>
    </div>
  </body>,
  "container": <div>
    <div>
      <div>
        <h2>
          ToDo Dashboard
        </h2>
        <button
          class="btn"
          type="button"
        >
          logout
        </button>
      </div>
      <div
        class="App-header"
      >
        <h3>
          Add todo...
        </h3>
        <input
          data-testid="addtodotest"
          type="text"
        />
        <br />
        <button
          class="btn"
          data-testid="Addtodo"
        >
          Add Todo
        </button>
         
        <br />
        <button
          class="btn"
        >
          Clear Completed Todos
        </button>
        <div>
          0
           left to do
        </div>
        <button
          class="btn"
        >
          select all
        </button>
        <p>
          current user: 
          hello
        </p>
      </div>
    </div>
  </div>,
  "debug": [Function],
  "findAllByAltText": [Function],
  "findAllByDisplayValue": [Function],
  "findAllByLabelText": [Function],
  "findAllByPlaceholderText": [Function],
  "findAllByRole": [Function],
  "findAllByTestId": [Function],
  "findAllByText": [Function],
  "findAllByTitle": [Function],
  "findByAltText": [Function],
  "findByDisplayValue": [Function],
  "findByLabelText": [Function],
  "findByPlaceholderText": [Function],
  "findByRole": [Function],
  "findByTestId": [Function],
  "findByText": [Function],
  "findByTitle": [Function],
  "getAllByAltText": [Function],
  "getAllByDisplayValue": [Function],
  "getAllByLabelText": [Function],
  "getAllByPlaceholderText": [Function],
  "getAllByRole": [Function],
  "getAllByTestId": [Function],
  "getAllByText": [Function],
  "getAllByTitle": [Function],
  "getByAltText": [Function],
  "getByDisplayValue": [Function],
  "getByLabelText": [Function],
  "getByPlaceholderText": [Function],
  "getByRole": [Function],
  "getByTestId": [Function],
  "getByText": [Function],
  "getByTitle": [Function],
  "queryAllByAltText": [Function],
  "queryAllByDisplayValue": [Function],
  "queryAllByLabelText": [Function],
  "queryAllByPlaceholderText": [Function],
  "queryAllByRole": [Function],
  "queryAllByTestId": [Function],
  "queryAllByText": [Function],
  "queryAllByTitle": [Function],
  "queryByAltText": [Function],
  "queryByDisplayValue": [Function],
  "queryByLabelText": [Function],
  "queryByPlaceholderText": [Function],
  "queryByRole": [Function],
  "queryByTestId": [Function],
  "queryByText": [Function],
  "queryByTitle": [Function],
  "rerender": [Function],
  "unmount": [Function],
}
`;
